varun@LAPTOP-191SMTVG:~/desktop/Assignments$ git remote add origin https://github.com/varunshivam/Celebal_Assignments.git
varun@LAPTOP-191SMTVG:~/desktop/Assignments$ git remote --v
origin  https://github.com/varunshivam/Celebal_Assignments.git (fetch)
origin  https://github.com/varunshivam/Celebal_Assignments.git (push)
varun@LAPTOP-191SMTVG:~/desktop/Assignments$ git fetch
remote: Enumerating objects: 3, done.
remote: Counting objects: 100% (3/3), done.
remote: Total 3 (delta 0), reused 0 (delta 0), pack-reused 0 (from 0)
Unpacking objects: 100% (3/3), 878 bytes | 31.00 KiB/s, done.
From https://github.com/varunshivam/Celebal_Assignments
 * [new branch]      main       -> origin/main
varun@LAPTOP-191SMTVG:~/desktop/Assignments$ git branch
varun@LAPTOP-191SMTVG:~/desktop/Assignments$ ^C
varun@LAPTOP-191SMTVG:~/desktop/Assignments$ git checkout -b main origin/main
branch 'main' set up to track 'origin/main'.
Switched to a new branch 'main'
varun@LAPTOP-191SMTVG:~/desktop/Assignments$ git branch
* main
varun@LAPTOP-191SMTVG:~/desktop/Assignments$ git switch master
fatal: invalid reference: master
varun@LAPTOP-191SMTVG:~/desktop/Assignments$ git branch master
varun@LAPTOP-191SMTVG:~/desktop/Assignments$ git switch master
Switched to branch 'master'
varun@LAPTOP-191SMTVG:~/desktop/Assignments$ git status
On branch master
Untracked files:
  (use "git add <file>..." to include in what will be committed)
        Devops_Assignment_1/

nothing added to commit but untracked files present (use "git add" to track)
varun@LAPTOP-191SMTVG:~/desktop/Assignments$ git add .
warning: in the working copy of 'Devops_Assignment_1/Linux_cmds.txt', LF will be replaced by CRLF the next time Git touches it
warning: in the working copy of 'Devops_Assignment_1/UserCreation.txt', LF will be replaced by CRLF the next time Git touches it
warning: in the working copy of 'Devops_Assignment_1/chmod.txt', LF will be replaced by CRLF the next time Git touches it
warning: in the working copy of 'Devops_Assignment_1/navigation_cmds.txt', LF will be replaced by CRLF the next time Git touches it
varun@LAPTOP-191SMTVG:~/desktop/Assignments$ git status
On branch master
Changes to be committed:
  (use "git restore --staged <file>..." to unstage)
        new file:   Devops_Assignment_1/Linux_cmds.txt
        new file:   Devops_Assignment_1/UserCreation.txt
        new file:   Devops_Assignment_1/chmod.txt
        new file:   Devops_Assignment_1/navigation_cmds.txt

varun@LAPTOP-191SMTVG:~/desktop/Assignments$ git commit -m "4 Assignments added"
[master 83d0487] 4 Assignments added
 4 files changed, 84 insertions(+)
 create mode 100644 Devops_Assignment_1/Linux_cmds.txt
 create mode 100644 Devops_Assignment_1/UserCreation.txt
 create mode 100644 Devops_Assignment_1/chmod.txt
 create mode 100644 Devops_Assignment_1/navigation_cmds.txt
varun@LAPTOP-191SMTVG:~/desktop/Assignments$ git push -u origin master
Enumerating objects: 8, done.
Counting objects: 100% (8/8), done.
Delta compression using up to 8 threads
Compressing objects: 100% (7/7), done.
Writing objects: 100% (7/7), 1.82 KiB | 933.00 KiB/s, done.
Total 7 (delta 1), reused 0 (delta 0), pack-reused 0 (from 0)
remote: Resolving deltas: 100% (1/1), done.
remote:
remote: Create a pull request for 'master' on GitHub by visiting:
remote:      https://github.com/varunshivam/Celebal_Assignments/pull/new/master
remote:
To https://github.com/varunshivam/Celebal_Assignments.git
 * [new branch]      master -> master
branch 'master' set up to track 'origin/master'.

//used multiple git commands (fetch ,git branch, git push, git remote etc.)
