merging with master branch

//All the commands used for merging 
varun@LAPTOP-191SMTVG:~/desktop/Assignments/Devops_Assignment_1$ git switch main
Switched to branch 'main'
Your branch is up to date with 'origin/main'.
varun@LAPTOP-191SMTVG:~/desktop/Assignments/Devops_Assignment_1$ ls
varun@LAPTOP-191SMTVG:~/desktop/Assignments/Devops_Assignment_1$ touch merge.txt
varun@LAPTOP-191SMTVG:~/desktop/Assignments/Devops_Assignment_1$ vi merge.txt
varun@LAPTOP-191SMTVG:~/desktop/Assignments/Devops_Assignment_1$ git add merge.txt
warning: in the working copy of 'Devops_Assignment_1/merge.txt', LF will be replaced by CRLF the next time Git touches it
varun@LAPTOP-191SMTVG:~/desktop/Assignments/Devops_Assignment_1$ git status
On branch main
Your branch is up to date with 'origin/main'.

Changes to be committed:
  (use "git restore --staged <file>..." to unstage)
        new file:   merge.txt

varun@LAPTOP-191SMTVG:~/desktop/Assignments/Devops_Assignment_1$ git commit -m"file added in main , for merging with master"
[main 1baeb7f] file added in main , for merging with master
 1 file changed, 1 insertion(+)
 create mode 100644 Devops_Assignment_1/merge.txt
varun@LAPTOP-191SMTVG:~/desktop/Assignments/Devops_Assignment_1$ git checkout master
Switched to branch 'master'
Your branch is up to date with 'origin/master'.
varun@LAPTOP-191SMTVG:~/desktop/Assignments/Devops_Assignment_1$ git status
On branch master
Your branch is up to date with 'origin/master'.

nothing to commit, working tree clean
varun@LAPTOP-191SMTVG:~/desktop/Assignments/Devops_Assignment_1$ git merge main
hint: Waiting for your editor to close the file... unix2dos: converting file C:/Users/tarun/Desktop/Assignments/.git/MERGE_MSG to DOS format...
dos2unix: converting file C:/Users/tarun/Desktop/Assignments/.git/MERGE_MSG to Unix format...
Merge made by the 'ort' strategy.
 Devops_Assignment_1/merge.txt | 1 +
 1 file changed, 1 insertion(+)
 create mode 100644 Devops_Assignment_1/merge.txt
varun@LAPTOP-191SMTVG:~/desktop/Assignments/Devops_Assignment_1$ git push origin master
Enumerating objects: 10, done.
Counting objects: 100% (10/10), done.
Delta compression using up to 8 threads
Compressing objects: 100% (5/5), done.
Writing objects: 100% (7/7), 747 bytes | 747.00 KiB/s, done.
Total 7 (delta 1), reused 0 (delta 0), pack-reused 0 (from 0)
remote: Resolving deltas: 100% (1/1), completed with 1 local object.
To https://github.com/varunshivam/Celebal_Assignments.git
   8e869ac..681503b  master -> master

